// Jest Snapshot v1, https://goo.gl/fbAQLP

exports[`The TodoCard component Snapshot 1`] = `
<div>
  <h3
    className="main__todo__card__h3"
  >
    Milk
  </h3>
  <p
    className="main__todo__card__p"
  >
    Red
  </p>
  <button
    className="form__remove-button"
    onClick={[Function]}
    type="button"
  >
    Remove
  </button>
</div>
`;
